hello from file_ops